bun test v1.3.6 (d530ed99)
bun : 
At line:1 char:1
+ bun test tests/integration/trips.test.ts --timeout 30000 > test_outpu ...
+ ~~~~~~~~~~~~~~~~~~~~~~~~~~~~~~~~~~~~~~~~~~~~~~~~~~~~~~~~~~~~~~~~~~~~~
    + CategoryInfo          : NotSpecified: (:String) [], RemoteException
    + FullyQualifiedErrorId : NativeCommandError
 
tests\integration\trips.test.ts:
[2026-05-10 15:01:46.595 +0000] [32mINFO[39m: [36mStarting a postgresql pool with 25 connections.[39m
Trip creation response: {
  "success": false,
  "message": "Something went wrong",
  "errors": [],
  "statusCode": 500
}
39 |       body: JSON.stringify(tripData),
40 |     });
41 | 
42 |     const data = await response.json();
43 |     console.log("Trip creation response:", JSON.stringify(data, null, 2));
44 |     expect(response.status).toBe(201);
                                 ^
error: expect(received).toBe(expected)

Expected: 201
Received: 500

      at <anonymous> (E:\CODE\Projects\Web\collab-trip-planning\backend\tests\integration\trips.test.ts:44:29)
(fail) Trips Module > should create a new trip [2406.00ms]
[2026-05-10 15:01:54.021 +0000] [31mERROR[39m: [36m
Invalid `prisma.trip.create()` invocation:


Error occurred during query execution:
ConnectorError(ConnectorError { user_facing_error: None, kind: QueryError(PostgresError { code: "42704", message: "type \"public.MemberRole\" does not exist", severity: "ERROR", detail: None, column: None, hint: None }), transient: false })[39m
[2026-05-10 15:01:54.022 +0000] [31mERROR[39m: [36m
Invalid `prisma.trip.create()` invocation:


Error occurred during query execution:
ConnectorError(ConnectorError { user_facing_error: None, kind: QueryError(PostgresError { code: "42704", message: "type \"public.MemberRole\" does not exist", severity: "ERROR", detail: None, column: None, hint: None }), transient: false })[39m
    [35mmethod[39m: "POST"
    [35murl[39m: "/api/v1/trips"
    [35mbody[39m: {
      "title": "Summer Vacation",
      "description": "Exploring Europe",
      "startDate": "2024-07-01T00:00:00.000Z",
      "endDate": "2024-07-15T00:00:00.000Z",
      "destination": "Paris, France"
    }
    [35muser[39m: "3b7b91db-4f79-4b9b-addb-d9fd382ae731"
    err: {
      "type": "PrismaClientUnknownRequestError",
      "message": "\nInvalid `prisma.trip.create()` invocation:\n\n\nError occurred during query execution:\nConnectorError(ConnectorError { user_facing_error: None, kind: QueryError(PostgresError { code: \"42704\", message: \"type \\\"public.MemberRole\\\" does not exist\", severity: \"ERROR\", detail: None, column: None, hint: None }), transient: false })",
      "stack":
          PrismaClientUnknownRequestError: 
          Invalid `prisma.trip.create()` invocation:
          
          
          Error occurred during query execution:
          ConnectorError(ConnectorError { user_facing_error: None, kind: QueryError(PostgresError { code: "42704", message: "type \"public.MemberRole\" does not exist", severity: "ERROR", detail: None, column: None, hint: None }), transient: false })
              at handleRequestError (E:\CODE\Projects\Web\collab-trip-planning\backend\node_modules\@prisma\client\runtime\library.js:121:7462)
              at handleAndLogRequestError (E:\CODE\Projects\Web\collab-trip-planning\backend\node_modules\@prisma\client\runtime\library.js:121:6593)
              at request (E:\CODE\Projects\Web\collab-trip-planning\backend\node_modules\@prisma\client\runtime\library.js:121:6300)
              at processTicksAndRejections (native:7:39)
      "clientVersion": "6.19.3",
      "name": "PrismaClientUnknownRequestError"
    }
58 | 
59 |     const data = await response.json();
60 |     expect(response.status).toBe(200);
61 |     expect(data.success).toBe(true);
62 |     expect(Array.isArray(data.data)).toBe(true);
63 |     expect(data.data.length).toBe(1);
                                  ^
error: expect(received).toBe(expected)

Expected: 1
Received: 0

      at <anonymous> (E:\CODE\Projects\Web\collab-trip-planning\backend\tests\integration\trips.test.ts:63:30)
(fail) Trips Module > should get all trips for the user [891.00ms]
71 |         "Authorization": `Bearer ${token}`,
72 |       },
73 |     });
74 | 
75 |     const data = await response.json();
76 |     expect(response.status).toBe(200);
                                 ^
error: expect(received).toBe(expected)

Expected: 200
Received: 404

      at <anonymous> (E:\CODE\Projects\Web\collab-trip-planning\backend\tests\integration\trips.test.ts:76:29)
(fail) Trips Module > should get a single trip by ID [906.00ms]
[2026-05-10 15:01:55.829 +0000] [31mERROR[39m: [36mTrip not found[39m
    [35mmethod[39m: "GET"
    [35murl[39m: "/api/v1/trips/undefined"
    [35muser[39m: "3b7b91db-4f79-4b9b-addb-d9fd382ae731"
    err: {
      "type": "NotFoundError",
      "message": "Trip not found",
      "stack":
          Error: Trip not found
              at getTrip (E:\CODE\Projects\Web\collab-trip-planning\backend\src\modules\trips\service\trips.service.ts:15:17)
              at processTicksAndRejections (native:7:39)
      "statusCode": 404,
      "isOperational": true
    }
91 |       },
92 |       body: JSON.stringify(updateData),
93 |     });
94 | 
95 |     const data = await response.json();
96 |     expect(response.status).toBe(200);
                                 ^
error: expect(received).toBe(expected)

Expected: 200
Received: 404

      at <anonymous> (E:\CODE\Projects\Web\collab-trip-planning\backend\tests\integration\trips.test.ts:96:29)
(fail) Trips Module > should update a trip [594.00ms]

 0 pass
 4 fail
 7 expect() calls
Ran 4 tests across 1 file. [10.64s]
